// Jest Snapshot v1, https://goo.gl/fbAQLP

exports[`web app returns a response 1`] = `
Object {
  "body": Array [
    Object {
      "number": "7.7.3",
      "url": "https://s3.amazonaws.com/heroku-nodejs-bins/node/release/linux-x64/node-v7.7.3-linux-x64.tar.gz",
    },
    Object {
      "number": "7.7.4",
      "url": "https://s3.amazonaws.com/heroku-nodejs-bins/node/release/linux-x64/node-v7.7.4-linux-x64.tar.gz",
    },
    Object {
      "number": "7.8.0",
      "url": "https://s3.amazonaws.com/heroku-nodejs-bins/node/release/linux-x64/node-v7.8.0-linux-x64.tar.gz",
    },
    Object {
      "number": "7.9.0",
      "url": "https://s3.amazonaws.com/heroku-nodejs-bins/node/release/linux-x64/node-v7.9.0-linux-x64.tar.gz",
    },
    Object {
      "number": "8.0.0",
      "url": "https://s3.amazonaws.com/heroku-nodejs-bins/node/release/linux-x64/node-v8.0.0-linux-x64.tar.gz",
    },
  ],
  "headers": Object {
    "connection": "close",
    "content-length": "616",
    "content-type": "application/json",
    "date": "Sat, 02 Nov 2019 19:37:46 GMT",
  },
  "status": 200,
}
`;
